
> admin-dashboard@0.1.0 build
> next build

[@serwist/next] WARNING: You are using '@serwist/next' with `next dev --turbopack`, but it doesn't support Turbopack. Do one of the following:

- Set `disable` to `process.env.NODE_ENV !== "production"`.

- Use webpack by running `next dev --webpack` instead of `next dev --turbopack`.

- Migrate to '@serwist/turbopack' which has experimental support for Turbopack. See https://serwist.pages.dev/docs/next/turbo for more information.

- Migrate to configurator mode which has support for Turbopack. See https://serwist.pages.dev/docs/next/config for more information. 

Follow https://github.com/serwist/serwist/issues/54 for progress on Serwist + Turbopack. You can also suppress this warning by setting SERWIST_SUPPRESS_TURBOPACK_WARNING=1.

Ôû▓ Next.js 16.1.6 (Turbopack)
- Environments: .env
- Experiments (use with caution):
  ┬À clientTraceMetadata

  Creating an optimized production build ...
Ô£ô Compiled successfully in 27.1s
  Running next.config.js provided runAfterProductionCompile ...
Ô£ô Completed runAfterProductionCompile in 4755ms
  Running TypeScript ...
  Collecting page data using 5 workers ...
[automation scheduler] Initializing for the first time...
[automation scheduler] Initializing for the first time...
[automation scheduler] Initializing for the first time...
[AutomationQueue] Skipped initialization (no REDIS_URL in production/vercel). Using direct API fallback.
[AutomationQueue] Skipped initialization (no REDIS_URL in production/vercel). Using direct API fallback.
[AutomationQueue] Skipped initialization (no REDIS_URL in production/vercel). Using direct API fallback.
[automation scheduler] Registered cron job: */30 * * * * *
[automation scheduler] Initializing for the first time...
[AutomationQueue] Skipped initialization (no REDIS_URL in production/vercel). Using direct API fallback.
[automation scheduler] Registered cron job: */30 * * * * *
[automation scheduler] Registered cron job: */30 * * * * *
[automation scheduler] Registered cron job: */30 * * * * *
[automation scheduler] Initializing for the first time...
[AutomationQueue] Skipped initialization (no REDIS_URL in production/vercel). Using direct API fallback.
[automation scheduler] Registered cron job: */30 * * * * *
  Generating static pages using 5 workers (0/18) ...
  Generating static pages using 5 workers (4/18) 
  Generating static pages using 5 workers (8/18) 
  Generating static pages using 5 workers (13/18) 
Ô£ô Generating static pages using 5 workers (18/18) in 509.3ms
  Finalizing page optimization ...

Route (app)
Ôöî Ôùï /
Ôö£ Ôùï /_not-found
Ôö£ Ôùï /analytics
Ôö£ ãÆ /api/auth/create-superadmin
Ôö£ ãÆ /api/auth/login
Ôö£ ãÆ /api/auth/logout
Ôö£ ãÆ /api/auth/me
Ôö£ ãÆ /api/auth/promote-superadmin
Ôö£ ãÆ /api/auth/refresh
Ôö£ ãÆ /api/automation
Ôö£ ãÆ /api/automation-heuristics/suggest
Ôö£ ãÆ /api/automation-logs
Ôö£ ãÆ /api/automation-rules
Ôö£ ãÆ /api/automation-rules/simulate
Ôö£ ãÆ /api/automation-rules/test
Ôö£ ãÆ /api/automation/run
Ôö£ ãÆ /api/display
Ôö£ ãÆ /api/doctors
Ôö£ ãÆ /api/leaves
Ôö£ ãÆ /api/queue
Ôö£ ãÆ /api/queue-metrics
Ôö£ ãÆ /api/realtime/doctors
Ôö£ ãÆ /api/roles
Ôö£ ãÆ /api/seed
Ôö£ ãÆ /api/settings
Ôö£ ãÆ /api/shifts
Ôö£ ãÆ /api/stream/doctors
Ôö£ ãÆ /api/stream/live
Ôö£ ãÆ /api/users
Ôö£ Ôùï /automation
Ôö£ Ôùï /automation/heuristics
Ôö£ Ôùï /automation/logs
Ôö£ Ôùï /automation/queue-monitor
Ôö£ Ôùï /automation/rules
Ôö£ Ôùï /automation/simulate
Ôö£ Ôùï /display-control
Ôö£ Ôùï /doctors
Ôö£ Ôùï /leaves
Ôö£ Ôùï /login
Ôö£ Ôùï /manifest.webmanifest
Ôö£ Ôùï /schedules
Ôöö Ôùï /settings/access


ãÆ Proxy (Middleware)

Ôùï  (Static)   prerendered as static content
ãÆ  (Dynamic)  server-rendered on demand

